{"timestamp": "2026-04-02T17:03:57.288789+00:00", "actor": "agent", "action": "grant_role", "target_user": "anuraggcp101@gmail.com", "project": "ml-poc-2024", "role": "roles/storage.objectViewer", "outcome": "success", "detail": "User needs to read training data files for an ML experiment."}
{"timestamp": "2026-04-02T17:18:54.689011+00:00", "actor": "agent", "action": "grant_role", "target_user": "anuraggcp101@gmail.com", "project": "cerberus-491806", "role": "roles/storage.objectUser", "outcome": "success", "detail": "User needs to create and manage objects in Cloud Storage for ML experiment."}
{"timestamp": "2026-04-02T17:26:44.609292+00:00", "actor": "agent", "action": "escalate_to_admin", "target_user": "anuraggcp101@gmail.com", "project": "cerberus-491806", "role": "roles/storage.admin", "outcome": "pending_admin_approval", "detail": "Request ID: D5FA35D2"}
{"timestamp": "2026-04-02T17:27:57.386408+00:00", "actor": "admin@startup.io", "action": "admin_approved", "target_user": "anuraggcp101@gmail.com", "project": "cerberus-491806", "role": "roles/storage.admin", "outcome": "approved", "detail": "Request ID: D5FA35D2"}
{"timestamp": "2026-04-02T17:27:59.734280+00:00", "actor": "admin@startup.io", "action": "admin_grant", "target_user": "anuraggcp101@gmail.com", "project": "cerberus-491806", "role": "roles/storage.admin", "outcome": "success", "detail": "Admin approved"}
{"timestamp": "2026-04-02T18:01:11.165984+00:00", "actor": "agent", "action": "escalate_to_admin", "target_user": "anuraggcp101@gmail.com", "project": "cerberus", "role": "admin", "outcome": "pending_admin_approval", "detail": "Request ID: 2421934B"}
{"timestamp": "2026-04-02T18:02:30.090264+00:00", "actor": "anuraggcp101@gmail.com", "action": "admin_denied", "target_user": "anuraggcp101@gmail.com", "project": "cerberus", "role": "admin", "outcome": "denied", "detail": "Request ID: 2421934B"}
{"timestamp": "2026-04-02T18:34:29.305268+00:00", "actor": "agent", "action": "grant_role", "target_user": "anuraggcp101@gmail.com", "project": "cerberus-491806", "role": "roles/bigquery.dataViewer", "outcome": "success", "detail": "User needs to run BigQuery queries"}
{"timestamp": "2026-04-02T18:34:31.291033+00:00", "actor": "agent", "action": "grant_role", "target_user": "anuraggcp101@gmail.com", "project": "cerberus-491806", "role": "roles/bigquery.jobUser", "outcome": "success", "detail": "User needs to run BigQuery queries"}
{"timestamp": "2026-04-02T19:31:34.275739+00:00", "actor": "anuraggcp101@gmail.com", "action": "flag_for_termination", "target_user": "", "project": "cerberus-491806", "role": "disk", "outcome": "pending_admin_approval", "detail": "Resource: cerberus-sensitive-disk-1775156027 | Request ID: 45BD2291"}
{"timestamp": "2026-04-02T19:31:44.303938+00:00", "actor": "anuraggcp101@gmail.com", "action": "flag_for_termination", "target_user": "", "project": "cerberus-491806", "role": "bucket", "outcome": "pending_admin_approval", "detail": "Resource: bucketd01 | Request ID: 649FCA29"}
{"timestamp": "2026-04-02T19:34:28.390547+00:00", "actor": "anuraggcp101@gmail.com", "action": "termination_approved", "target_user": "", "project": "cerberus-491806", "role": "bucket", "outcome": "approved", "detail": "Resource: bucketd01 | timepass"}
{"timestamp": "2026-04-02T19:34:28.448451+00:00", "actor": "anuraggcp101@gmail.com", "action": "terminate_resource", "target_user": "", "project": "cerberus-491806", "role": "bucket", "outcome": "failed", "detail": "bucketd01: Unsupported resource type: bucket"}
{"timestamp": "2026-04-02T19:34:38.148284+00:00", "actor": "anuraggcp101@gmail.com", "action": "termination_approved", "target_user": "", "project": "cerberus-491806", "role": "disk", "outcome": "approved", "detail": "Resource: cerberus-sensitive-disk-1775156027 | waste"}
{"timestamp": "2026-04-02T19:34:39.499261+00:00", "actor": "anuraggcp101@gmail.com", "action": "terminate_resource", "target_user": "", "project": "cerberus-491806", "role": "disk", "outcome": "success", "detail": "cerberus-sensitive-disk-1775156027: Delete initiated for disk 'cerberus-sensitive-disk-1775156027' in asia-south1-b."}
{"timestamp": "2026-04-02T19:36:04.256882+00:00", "actor": "anuraggcp101@gmail.com", "action": "flag_for_termination", "target_user": "", "project": "cerberus-491806", "role": "bucket", "outcome": "pending_admin_approval", "detail": "Resource: bucketd01 | Request ID: 0B6F0E7C"}
{"timestamp": "2026-04-02T19:37:04.935094+00:00", "actor": "anuraggcp101@gmail.com", "action": "flag_for_termination", "target_user": "", "project": "cerberus-491806", "role": "bucket", "outcome": "pending_admin_approval", "detail": "Resource: bucketd01 | Request ID: 7B115A7E"}
{"timestamp": "2026-04-02T19:37:27.979483+00:00", "actor": "anuraggcp101@gmail.com", "action": "termination_approved", "target_user": "", "project": "cerberus-491806", "role": "bucket", "outcome": "approved", "detail": "Resource: bucketd01 | thanks"}
{"timestamp": "2026-04-02T19:37:28.042279+00:00", "actor": "anuraggcp101@gmail.com", "action": "terminate_resource", "target_user": "", "project": "cerberus-491806", "role": "bucket", "outcome": "failed", "detail": "bucketd01: Unsupported resource type: bucket"}
{"timestamp": "2026-04-02T19:37:59.182752+00:00", "actor": "anuraggcp101@gmail.com", "action": "termination_denied", "target_user": "", "project": "cerberus-491806", "role": "bucket", "outcome": "denied", "detail": "Resource: bucketd01 | "}
{"timestamp": "2026-04-02T19:43:03.597520+00:00", "actor": "anuraggcp101@gmail.com", "action": "flag_for_termination", "target_user": "", "project": "cerberus-491806", "role": "compute_instance", "outcome": "pending_admin_approval", "detail": "Resource: cerberus-idle-vm-1775156007 | Request ID: 39AA366F"}
{"timestamp": "2026-04-02T19:43:13.456054+00:00", "actor": "anuraggcp101@gmail.com", "action": "termination_approved", "target_user": "", "project": "cerberus-491806", "role": "compute_instance", "outcome": "approved", "detail": "Resource: cerberus-idle-vm-1775156007 | timepass"}
{"timestamp": "2026-04-02T19:43:14.928376+00:00", "actor": "anuraggcp101@gmail.com", "action": "terminate_resource", "target_user": "", "project": "cerberus-491806", "role": "compute_instance", "outcome": "success", "detail": "cerberus-idle-vm-1775156007: Stop initiated for 'cerberus-idle-vm-1775156007' in asia-south1-b."}
{"timestamp": "2026-04-02T20:09:51.025622+00:00", "actor": "agent", "action": "escalate_to_admin", "target_user": "alice@startup.io", "project": "ml-poc-2024", "role": "roles/owner", "outcome": "pending_admin_approval", "detail": "Request ID: 395B669B"}
{"timestamp": "2026-04-02T20:09:51.029224+00:00", "actor": "agent", "action": "escalate_to_admin", "target_user": "alice@startup.io", "project": "ml-poc-2024", "role": "roles/editor", "outcome": "pending_admin_approval", "detail": "Request ID: F63A474D"}
{"timestamp": "2026-04-02T20:09:51.032360+00:00", "actor": "agent", "action": "escalate_to_admin", "target_user": "alice@startup.io", "project": "ml-poc-2024", "role": "roles/iam.admin", "outcome": "pending_admin_approval", "detail": "Request ID: C1113D80"}
{"timestamp": "2026-04-02T20:09:51.034403+00:00", "actor": "agent", "action": "escalate_to_admin", "target_user": "alice@startup.io", "project": "ml-poc-2024", "role": "roles/iam.securityAdmin", "outcome": "pending_admin_approval", "detail": "Request ID: 93B7BF4D"}
{"timestamp": "2026-04-02T20:09:51.036604+00:00", "actor": "agent", "action": "escalate_to_admin", "target_user": "alice@startup.io", "project": "ml-poc-2024", "role": "roles/iam.serviceAccountAdmin", "outcome": "pending_admin_approval", "detail": "Request ID: 7B561C90"}
{"timestamp": "2026-04-02T20:09:51.038488+00:00", "actor": "agent", "action": "escalate_to_admin", "target_user": "alice@startup.io", "project": "ml-poc-2024", "role": "roles/some.randomRole", "outcome": "pending_admin_approval", "detail": "Request ID: 33AE555A"}
{"timestamp": "2026-04-02T20:09:51.540287+00:00", "actor": "agent", "action": "grant_role", "target_user": "alice@startup.io", "project": "ml-poc-2024", "role": "roles/storage.objectViewer", "outcome": "success", "detail": "read training data"}
{"timestamp": "2026-04-02T20:09:51.544698+00:00", "actor": "admin@startup.io", "action": "flag_for_termination", "target_user": "", "project": "ml-poc-2024", "role": "compute_instance", "outcome": "pending_admin_approval", "detail": "Resource: old-test-vm | Request ID: 1E37862B"}
{"timestamp": "2026-04-02T20:09:51.547449+00:00", "actor": "admin@startup.io", "action": "flag_for_termination", "target_user": "", "project": "ml-poc-2024", "role": "disk", "outcome": "pending_admin_approval", "detail": "Resource: orphan-disk-001 | Request ID: DEEFDBEF"}
{"timestamp": "2026-04-02T20:09:51.550246+00:00", "actor": "admin@startup.io", "action": "flag_for_termination", "target_user": "", "project": "ml-poc-2024", "role": "disk", "outcome": "pending_admin_approval", "detail": "Resource: backup-disk-old | Request ID: C4E6A6E1"}
{"timestamp": "2026-04-02T20:09:51.551550+00:00", "actor": "admin@startup.io", "action": "termination_approved", "target_user": "", "project": "ml-poc-2024", "role": "disk", "outcome": "approved", "detail": "Resource: backup-disk-old | Confirmed: no active workloads, data backed up, owner approved."}
{"timestamp": "2026-04-02T20:09:52.052221+00:00", "actor": "admin@startup.io", "action": "agent_terminate_resource", "target_user": "", "project": "ml-poc-2024", "role": "disk", "outcome": "success", "detail": "backup-disk-old: Confirmed: no active workloads, data backed up, owner approved."}
{"timestamp": "2026-04-02T20:27:47.692626+00:00", "actor": "agent", "action": "escalate_to_admin", "target_user": "alice@startup.io", "project": "ml-poc-2024", "role": "roles/owner", "outcome": "pending_admin_approval", "detail": "Request ID: C3E5C0BA"}
{"timestamp": "2026-04-02T20:27:47.694952+00:00", "actor": "agent", "action": "escalate_to_admin", "target_user": "alice@startup.io", "project": "ml-poc-2024", "role": "roles/editor", "outcome": "pending_admin_approval", "detail": "Request ID: A0E6FF9E"}
{"timestamp": "2026-04-02T20:27:47.698627+00:00", "actor": "agent", "action": "escalate_to_admin", "target_user": "alice@startup.io", "project": "ml-poc-2024", "role": "roles/iam.admin", "outcome": "pending_admin_approval", "detail": "Request ID: DAC74C8F"}
{"timestamp": "2026-04-02T20:27:47.700620+00:00", "actor": "agent", "action": "escalate_to_admin", "target_user": "alice@startup.io", "project": "ml-poc-2024", "role": "roles/iam.securityAdmin", "outcome": "pending_admin_approval", "detail": "Request ID: 25BE65FA"}
{"timestamp": "2026-04-02T20:27:47.702467+00:00", "actor": "agent", "action": "escalate_to_admin", "target_user": "alice@startup.io", "project": "ml-poc-2024", "role": "roles/iam.serviceAccountAdmin", "outcome": "pending_admin_approval", "detail": "Request ID: 031AE402"}
{"timestamp": "2026-04-02T20:27:47.704313+00:00", "actor": "agent", "action": "escalate_to_admin", "target_user": "alice@startup.io", "project": "ml-poc-2024", "role": "roles/some.randomRole", "outcome": "pending_admin_approval", "detail": "Request ID: 9D57C808"}
{"timestamp": "2026-04-02T20:27:48.206132+00:00", "actor": "agent", "action": "grant_role", "target_user": "alice@startup.io", "project": "ml-poc-2024", "role": "roles/storage.objectViewer", "outcome": "success", "detail": "read training data"}
{"timestamp": "2026-04-02T20:27:48.212344+00:00", "actor": "admin@startup.io", "action": "flag_for_termination", "target_user": "", "project": "ml-poc-2024", "role": "compute_instance", "outcome": "pending_admin_approval", "detail": "Resource: old-test-vm | Request ID: EB9BA3EE"}
{"timestamp": "2026-04-02T20:27:48.217214+00:00", "actor": "admin@startup.io", "action": "flag_for_termination", "target_user": "", "project": "ml-poc-2024", "role": "disk", "outcome": "pending_admin_approval", "detail": "Resource: orphan-disk-001 | Request ID: E24763D8"}
{"timestamp": "2026-04-02T20:27:48.221653+00:00", "actor": "admin@startup.io", "action": "flag_for_termination", "target_user": "", "project": "ml-poc-2024", "role": "disk", "outcome": "pending_admin_approval", "detail": "Resource: backup-disk-old | Request ID: 98487A7A"}
{"timestamp": "2026-04-02T20:27:48.223686+00:00", "actor": "admin@startup.io", "action": "termination_approved", "target_user": "", "project": "ml-poc-2024", "role": "disk", "outcome": "approved", "detail": "Resource: backup-disk-old | Confirmed: no active workloads, data backed up, owner approved."}
{"timestamp": "2026-04-02T20:27:48.725007+00:00", "actor": "admin@startup.io", "action": "agent_terminate_resource", "target_user": "", "project": "ml-poc-2024", "role": "disk", "outcome": "success", "detail": "backup-disk-old: Confirmed: no active workloads, data backed up, owner approved."}
{"timestamp": "2026-04-02T20:33:11.780438+00:00", "actor": "agent", "action": "escalate_to_admin", "target_user": "alice@startup.io", "project": "ml-poc-2024", "role": "roles/owner", "outcome": "pending_admin_approval", "detail": "Request ID: 3AF36AB0"}
{"timestamp": "2026-04-02T20:33:11.783720+00:00", "actor": "agent", "action": "escalate_to_admin", "target_user": "alice@startup.io", "project": "ml-poc-2024", "role": "roles/editor", "outcome": "pending_admin_approval", "detail": "Request ID: 0AA12A86"}
{"timestamp": "2026-04-02T20:33:11.785941+00:00", "actor": "agent", "action": "escalate_to_admin", "target_user": "alice@startup.io", "project": "ml-poc-2024", "role": "roles/iam.admin", "outcome": "pending_admin_approval", "detail": "Request ID: AB821335"}
{"timestamp": "2026-04-02T20:33:11.788186+00:00", "actor": "agent", "action": "escalate_to_admin", "target_user": "alice@startup.io", "project": "ml-poc-2024", "role": "roles/iam.securityAdmin", "outcome": "pending_admin_approval", "detail": "Request ID: DFC82035"}
{"timestamp": "2026-04-02T20:33:11.790067+00:00", "actor": "agent", "action": "escalate_to_admin", "target_user": "alice@startup.io", "project": "ml-poc-2024", "role": "roles/iam.serviceAccountAdmin", "outcome": "pending_admin_approval", "detail": "Request ID: 4CB67CBF"}
{"timestamp": "2026-04-02T20:33:11.792026+00:00", "actor": "agent", "action": "escalate_to_admin", "target_user": "alice@startup.io", "project": "ml-poc-2024", "role": "roles/some.randomRole", "outcome": "pending_admin_approval", "detail": "Request ID: E0C8B725"}
{"timestamp": "2026-04-02T20:33:12.293617+00:00", "actor": "agent", "action": "grant_role", "target_user": "alice@startup.io", "project": "ml-poc-2024", "role": "roles/storage.objectViewer", "outcome": "success", "detail": "read training data"}
{"timestamp": "2026-04-02T20:33:12.298290+00:00", "actor": "admin@startup.io", "action": "flag_for_termination", "target_user": "", "project": "ml-poc-2024", "role": "compute_instance", "outcome": "pending_admin_approval", "detail": "Resource: old-test-vm | Request ID: D7FD9F8F"}
{"timestamp": "2026-04-02T20:33:12.302602+00:00", "actor": "admin@startup.io", "action": "flag_for_termination", "target_user": "", "project": "ml-poc-2024", "role": "disk", "outcome": "pending_admin_approval", "detail": "Resource: orphan-disk-001 | Request ID: 5AA061EF"}
{"timestamp": "2026-04-02T20:33:12.306842+00:00", "actor": "admin@startup.io", "action": "flag_for_termination", "target_user": "", "project": "ml-poc-2024", "role": "disk", "outcome": "pending_admin_approval", "detail": "Resource: backup-disk-old | Request ID: E238744E"}
{"timestamp": "2026-04-02T20:33:12.308486+00:00", "actor": "admin@startup.io", "action": "termination_approved", "target_user": "", "project": "ml-poc-2024", "role": "disk", "outcome": "approved", "detail": "Resource: backup-disk-old | Confirmed: no active workloads, data backed up, owner approved."}
{"timestamp": "2026-04-02T20:33:12.809426+00:00", "actor": "admin@startup.io", "action": "agent_terminate_resource", "target_user": "", "project": "ml-poc-2024", "role": "disk", "outcome": "success", "detail": "backup-disk-old: Confirmed: no active workloads, data backed up, owner approved."}
